// Jest Snapshot v1, https://goo.gl/fbAQLP

exports[`<Main/> should render the heading 1`] = `
.c0 {
  background-color: #000;
  color: #fff;
  width: 100%;
  height: 100%;
  padding: 3rem;
  text-align: center;
  display: -webkit-box;
  display: -webkit-flex;
  display: -ms-flexbox;
  display: flex;
  -webkit-flex-direction: column;
  -ms-flex-direction: column;
  flex-direction: column;
  -webkit-align-items: center;
  -webkit-box-align: center;
  -ms-flex-align: center;
  align-items: center;
  -webkit-box-pack: center;
  -webkit-justify-content: center;
  -ms-flex-pack: center;
  justify-content: center;
}

.c3 {
  margin-top: 1.5rem;
  background-color: #fff;
  border-radius: 16px;
  padding: 3rem;
}

.c4 {
  width: 25rem;
}

.c1 {
  font-size: 2.5rem;
}

.c2 {
  margin-top: 1rem;
  font-size: 2rem;
  font-weight: 400;
}

<main
  class="c0"
>
  <h1
    class="c1"
  >
    Next Template
  </h1>
  <h2
    class="c2"
  >
     TypeScript, ReactJS, NextJS and StyledComponents
  </h2>
  <div
    class="c3"
  >
    <img
      alt="Next Logo"
      class="c4"
      src="/img/next-logo.svg"
    />
  </div>
</main>
`
